// Jest Snapshot v1, https://goo.gl/fbAQLP

exports[`<Nav /> renders a minimal nav when signed out 1`] = `
<ul
  className="NavStyles-sc-11c0d2g-0 bjCNSW"
  data-test="nav-test"
>
  <Link
    href="/"
  >
    <a
      href="/"
      onClick={[Function]}
    >
      Home
    </a>
  </Link>
  <Link
    href="/signup"
  >
    <a
      href="/signup"
      onClick={[Function]}
    >
      Sign In
    </a>
  </Link>
</ul>
`;
