// Jest Snapshot v1, https://goo.gl/fbAQLP

exports[`<Signup /> renders and matches snapshot 1`] = `
<form
  className="Form-sc-1xszr8q-0 krRxky"
  onSubmit={[Function]}
>
  <fieldset
    aria-busy={false}
    disabled={false}
  >
    <DisplayError
      error={Object {}}
    />
    <h2>
      Sign up for an account
    </h2>
    <label
      htmlFor="email"
    >
      Email
      <input
        id="email"
        name="email"
        onChange={[Function]}
        placeholder="Email..."
        type="text"
        value=""
      />
    </label>
    <label
      htmlFor="name"
    >
      Name
      <input
        id="name"
        name="name"
        onChange={[Function]}
        placeholder="Name..."
        type="text"
        value=""
      />
    </label>
    <label
      htmlFor="password"
    >
      Password
      <input
        id="password"
        name="password"
        onChange={[Function]}
        placeholder="Password..."
        type="password"
        value=""
      />
    </label>
    <button
      type="submit"
    >
      Submit
    </button>
  </fieldset>
</form>
`;
