// Jest Snapshot v1, https://goo.gl/fbAQLP

exports[`<SingleItem /> error with a not found item 1`] = `
<p
  data-test="graphql-error"
>
  <strong>
    Shoot!
  </strong>
  Item not found
</p>
`;

exports[`<SingleItem /> renders with proper data 1`] = `
<h2>
  Viewing 
  dog
</h2>
`;

exports[`<SingleItem /> renders with proper data 2`] = `
<img
  src="dog.jpg"
/>
`;

exports[`<SingleItem /> renders with proper data 3`] = `
<p>
  dogs are best
</p>
`;
